2026-05-14 21:37:44,557 [INFO] Framework de Calidad — Biblioteca Universidad
2026-05-14 21:37:44,558 [INFO] Fecha: 2026-05-14 21:37:44

2026-05-14 21:37:44,559 [INFO] Conectando a PostgreSQL...
2026-05-14 21:37:44,652 [INFO]   ✔ PostgreSQL OK — BD: migracion_db
2026-05-14 21:37:44,652 [INFO] Conectando a MongoDB...
2026-05-14 21:37:44,668 [INFO]   ✔ MongoDB OK — BD: migracion_db

2026-05-14 21:37:44,668 [INFO] ============================================================
2026-05-14 21:37:44,668 [INFO] FASE 0 — Creando tablas legacy (DROP + CREATE)
2026-05-14 21:37:44,669 [INFO] ============================================================
2026-05-14 21:37:44,765 [INFO]   ✔ sql/Schema_legacy.sql — OK
2026-05-14 21:37:44,765 [INFO] Fase 0 completada.

2026-05-14 21:37:44,765 [INFO] ============================================================
2026-05-14 21:37:44,766 [INFO] FASE A — Poblamiento masivo tablas legacy (250 registros)
2026-05-14 21:37:44,766 [INFO] ============================================================
2026-05-14 21:37:44,975 [INFO]   ... 50/250 procesados
2026-05-14 21:37:45,168 [INFO]   ... 100/250 procesados
2026-05-14 21:37:45,364 [INFO]   ... 150/250 procesados
2026-05-14 21:37:45,520 [INFO]   ... 200/250 procesados
2026-05-14 21:37:45,716 [INFO]   ... 250/250 procesados
2026-05-14 21:37:45,717 [INFO]   ✔ Biblioteca_Data: 250 registros insertados
2026-05-14 21:37:45,717 [INFO]   ✔ Prestamos_Crudos: 250 registros insertados
2026-05-14 21:37:45,718 [INFO]   ✔ Inventario_Sedes: 250 registros insertados
2026-05-14 21:37:45,718 [INFO]   ✔ Reseñas_Usuarios: 250 registros insertados
2026-05-14 21:37:45,718 [INFO] Fase A completada.

2026-05-14 21:37:45,719 [INFO] ============================================================
2026-05-14 21:37:45,719 [INFO] FASE B — Validacion de calidad con config_calidad.json
2026-05-14 21:37:45,719 [INFO] ============================================================
2026-05-14 21:37:45,723 [INFO]   Validando Biblioteca_Data (250 registros)...
2026-05-14 21:37:45,726 [INFO]     Biblioteca_Data: 0/250 validos (0.0%) — CRITICO
2026-05-14 21:37:45,727 [WARNING]       [1FN] categoria_y_descripcion: Campo combinado detectado: viola 1FN, debe separarse en 'categoria' y 'descripcion'
2026-05-14 21:37:45,727 [WARNING]       [1FN] categoria_y_descripcion: Campo combinado detectado: viola 1FN, debe separarse en 'categoria' y 'descripcion'
2026-05-14 21:37:45,727 [WARNING]       [1FN] categoria_y_descripcion: Campo combinado detectado: viola 1FN, debe separarse en 'categoria' y 'descripcion'
2026-05-14 21:37:45,731 [INFO]   Validando Prestamos_Crudos (250 registros)...
2026-05-14 21:37:45,735 [INFO]     Prestamos_Crudos: 77/250 validos (30.8%) — CRITICO
2026-05-14 21:37:45,735 [WARNING]       [1FN] libros_prestados: Lista separada por comas detectada: viola 1FN, debe ser una tabla relacional
2026-05-14 21:37:45,735 [WARNING]       [1FN] libros_prestados: Lista separada por comas detectada: viola 1FN, debe ser una tabla relacional
2026-05-14 21:37:45,736 [WARNING]       [1FN] libros_prestados: Lista separada por comas detectada: viola 1FN, debe ser una tabla relacional
2026-05-14 21:37:45,738 [INFO]   Validando Inventario_Sedes (250 registros)...
2026-05-14 21:37:45,740 [INFO]     Inventario_Sedes: 250/250 validos (100.0%) — OK
2026-05-14 21:37:45,743 [INFO]   Validando Reseñas_Usuarios (250 registros)...
2026-05-14 21:37:45,745 [INFO]     Reseñas_Usuarios: 250/250 validos (100.0%) — OK
2026-05-14 21:37:45,747 [INFO]   Reporte guardado → C:\Proyectos propios\Proyectos python\Trabajo Migración\logs/reporte_validacion.json
2026-05-14 21:37:45,747 [INFO] Fase B completada.

2026-05-14 21:37:45,748 [INFO] ============================================================
2026-05-14 21:37:45,748 [INFO] FASE C — Schema normalizado + SPs + Vista + Función + Cursor + Seed
2026-05-14 21:37:45,748 [INFO] ============================================================
2026-05-14 21:37:45,748 [INFO] C.1 Aplicando schema normalizado (DROP + CREATE)...
2026-05-14 21:37:45,818 [INFO]   ✔ sql/Schema_normalizado.sql — OK
2026-05-14 21:37:45,818 [INFO] C.2 Creando stored procedures...
2026-05-14 21:37:45,826 [ERROR]   ✘ Error en sql/Stored_procedures.sql: no se puede cambiar el nombre del parámetro de entrada «p_id_libro»
HINT:  Use DROP PROCEDURE sp_eliminar_libro(integer) primero.

2026-05-14 21:37:45,827 [INFO] C.3 Creando vistas, funciones y cursores...
2026-05-14 21:37:45,835 [INFO]   ✔ sql/Vistas_funciones_cursores.sql — OK
2026-05-14 21:37:45,835 [INFO] C.4 Poblando tablas normalizadas con datos limpios...
2026-05-14 21:37:46,030 [INFO]   ✔ Autores:20 | Libros:50 | Usuarios:40 | Prestamos:100
2026-05-14 21:37:46,030 [INFO] C.5 Consultando v_libros_mas_prestados...
2026-05-14 21:37:46,033 [INFO]   ✔ Vista retorno 5 registros
2026-05-14 21:37:46,034 [INFO]     {'titulo_libro': 'Open-source radical extranet', 'autor': 'Edwin David Hernández', 'total_prestamos': 4, 'usuarios': 'Jhon Ramírez Vargas, Janeth Piedad Díaz, Fernanda Rocío Molina Vega, Juliana Narváez Méndez'}
2026-05-14 21:37:46,034 [INFO]     {'titulo_libro': 'Horizontal non-volatile groupware', 'autor': 'Luz Jiménez Giraldo', 'total_prestamos': 4, 'usuarios': 'Ángela Delgado Barrios, Luisa Peña, Andrea Yolanda Sarmiento García, José Bautista González'}
2026-05-14 21:37:46,034 [INFO]     {'titulo_libro': 'Distributed disintermediate adapter', 'autor': 'Dina Monsalve', 'total_prestamos': 4, 'usuarios': 'Yaneth Rodríguez Díaz, Alejandro Valencia, Marlene Saavedra, María Riascos'}
2026-05-14 21:37:46,035 [INFO]     {'titulo_libro': 'Advanced encompassing intranet', 'autor': 'Dina Monsalve', 'total_prestamos': 4, 'usuarios': 'Yolanda Gutiérrez, Lina Gómez Marín, Patricia Janeth Cruz, Luisa Peña'}
2026-05-14 21:37:46,035 [INFO]     {'titulo_libro': 'Reactive motivating open architecture', 'autor': 'Yuli Rocío Vélez', 'total_prestamos': 4, 'usuarios': 'José Bautista González, Brian Fernando Ramírez, Alfredo Smith Rendón, Ruby Vargas'}
2026-05-14 21:37:46,035 [INFO] C.6 Calculando multa de prueba...
2026-05-14 21:37:46,038 [INFO]   ✔ Multa prestamo #8: $500.00 COP
2026-05-14 21:37:46,039 [INFO] C.7 Ejecutando cursor de auditoria...
2026-05-14 21:37:46,046 [INFO]   ✔ Log_Auditoria: 67 registros generados
2026-05-14 21:37:46,046 [INFO] Fase C completada.

2026-05-14 21:37:46,047 [INFO] ============================================================
2026-05-14 21:37:46,047 [INFO] FASE D — Migracion PostgreSQL → MongoDB
2026-05-14 21:37:46,047 [INFO] ============================================================
2026-05-14 21:37:46,048 [INFO]   Libros → 'books'...
2026-05-14 21:37:46,125 [INFO]   ✔ 'books': 50/50 documentos
2026-05-14 21:37:46,126 [INFO]   Usuarios → 'users'...
2026-05-14 21:37:46,163 [INFO]   ✔ 'users': 40/40 documentos
2026-05-14 21:37:46,163 [INFO]   Prestamos → 'loans'...
2026-05-14 21:37:46,244 [INFO]   ✔ 'loans': 100/100 documentos
2026-05-14 21:37:46,244 [INFO]   Autores → 'authors'...
2026-05-14 21:37:46,280 [INFO]   ✔ 'authors': 20/20 documentos
2026-05-14 21:37:46,282 [INFO]   Resumen → C:\Proyectos propios\Proyectos python\Trabajo Migración\logs/resumen_migracion.json
2026-05-14 21:37:46,282 [INFO] Fase D completada.

2026-05-14 21:37:46,282 [INFO] ============================================================
2026-05-14 21:37:46,282 [INFO] REPORTE FINAL
2026-05-14 21:37:46,283 [INFO] ============================================================
2026-05-14 21:37:46,283 [INFO]   [Fase A] Registros legacy poblados:   1000
2026-05-14 21:37:46,283 [INFO]   [Fase B] Errores de calidad:          423
2026-05-14 21:37:46,284 [INFO]   [Fase C] Registros normalizados:
2026-05-14 21:37:46,284 [INFO]            Autores:20 | Libros:50 | Usuarios:40 | Prestamos:100
2026-05-14 21:37:46,284 [INFO]   [Fase D] Documentos migrados MongoDB: 210/210
2026-05-14 21:37:46,285 [INFO]            'books': 50 docs (100.0%)
2026-05-14 21:37:46,285 [INFO]            'users': 40 docs (100.0%)
2026-05-14 21:37:46,285 [INFO]            'loans': 100 docs (100.0%)
2026-05-14 21:37:46,286 [INFO]            'authors': 20 docs (100.0%)
2026-05-14 21:37:46,286 [INFO]   Log completo: C:\Proyectos propios\Proyectos python\Trabajo Migración\logs\Reporte_calidad.log
2026-05-14 21:37:46,286 [INFO] ============================================================
2026-05-14 21:37:46,288 [INFO] Conexiones cerradas.
